../Core/Src/main.c:98:10:convert_to_cm	16	static
../Core/Src/main.c:104:10:median_filter	32	static
../Core/Src/main.c:121:6:servo_scan_left	8	static
../Core/Src/main.c:127:6:servo_scan_right	8	static
../Core/Src/main.c:133:6:servo_center	4	static
../Core/Src/main.c:140:6:accelerate	16	static
../Core/Src/main.c:153:6:move	16	static
../Core/Src/main.c:164:6:stop	4	static
../Core/Src/main.c:172:6:turn_forward	8	static
../Core/Src/main.c:184:6:turn_backwards	8	static
../Core/Src/main.c:196:6:turn_left	8	static
../Core/Src/main.c:208:6:turn_right	8	static
../Core/Src/main.c:220:6:HAL_TIM_IC_CaptureCallback	24	static
../Core/Src/main.c:265:5:main	48	static
../Core/Src/main.c:492:6:SystemClock_Config	88	static
../Core/Src/main.c:539:13:MX_TIM1_Init	56	static
../Core/Src/main.c:604:13:MX_TIM2_Init	48	static
../Core/Src/main.c:653:13:MX_TIM3_Init	48	static
../Core/Src/main.c:702:13:MX_TIM4_Init	48	static
../Core/Src/main.c:763:13:MX_USART1_UART_Init	8	static
../Core/Src/main.c:796:13:MX_USART2_UART_Init	8	static
../Core/Src/main.c:829:13:MX_GPIO_Init	48	static
../Core/Src/main.c:882:6:HAL_UART_RxCpltCallback	16	static
../Core/Src/main.c:946:6:Error_Handler	4	static,ignoring_inline_asm
