../Core/Src/main.c:78:10:convert_to_cm	16	static
../Core/Src/main.c:84:10:median_filter	32	static
../Core/Src/main.c:99:6:HAL_TIM_IC_CaptureCallback	24	static
../Core/Src/main.c:129:6:servo_scan_left	8	static
../Core/Src/main.c:135:6:servo_scan_right	8	static
../Core/Src/main.c:141:6:servo_center	4	static
../Core/Src/main.c:148:6:move	16	static
../Core/Src/main.c:165:6:stop	8	static
../Core/Src/main.c:180:6:turn_forward	8	static
../Core/Src/main.c:192:6:turn_backwards	8	static
../Core/Src/main.c:204:6:turn_left	8	static
../Core/Src/main.c:216:6:turn_right	8	static
../Core/Src/main.c:233:5:main	32	static
../Core/Src/main.c:427:6:SystemClock_Config	88	static
../Core/Src/main.c:474:13:MX_TIM1_Init	56	static
../Core/Src/main.c:539:13:MX_TIM2_Init	48	static
../Core/Src/main.c:588:13:MX_TIM3_Init	48	static
../Core/Src/main.c:637:13:MX_TIM4_Init	48	static
../Core/Src/main.c:698:13:MX_USART2_UART_Init	8	static
../Core/Src/main.c:731:13:MX_GPIO_Init	48	static
../Core/Src/main.c:791:6:Error_Handler	4	static,ignoring_inline_asm
